// Jest Snapshot v1, https://goo.gl/fbAQLP

exports[`Pruebas en PrimeraApp Debe mostrar primera app correctamente 1`] = `
<Fragment>
  <h1>
    Hola soy yo
  </h1>
  <p>
    Soy un subtitulo   
  </p>
</Fragment>
`;
