// Jest Snapshot v1, https://goo.gl/fbAQLP

exports[`Pruebas en <HomePage/> debe de mostrarse el componente correctamente 1`] = `
<div>
  <h1>
    Home Page
  </h1>
  <hr />
  <pre>
    {
   "user": "Gabo",
   "email": "test@test.com"
}
  </pre>
</div>
`;
